// Jest Snapshot v1, https://goo.gl/fbAQLP

exports[`template-renderer can mount given template wrapped in div tag 1`] = `
<div id="app">
	<div class="SharpTemplate SharpTemplate--has-children">
		<em>Antoine</em>
	</div>
</div>
`;
